Unweighted undirected:
( 0.408333 0.547222 0.597222 0.611111 0.597222 0.547222 0.408333 )
Unweighted directed:
( 0.408333 0.380556 0.347222 0.305556 0.250000 0.166667 0.00000 )
Unweighted undirected, cutoff=0:
( 0.00000 0.00000 0.00000 0.00000 0.00000 0.00000 0.00000 )
Unweighted undirected, cutoff=1:
( 0.166667 0.333333 0.333333 0.333333 0.333333 0.333333 0.166667 )
Unit-weighted undirected:
( 0.408333 0.547222 0.597222 0.611111 0.597222 0.547222 0.408333 )
Unit-weighted directed:
( 0.408333 0.380556 0.347222 0.305556 0.250000 0.166667 0.00000 )
Unit-weighted undirected, cutoff=0:
( 0.00000 0.00000 0.00000 0.00000 0.00000 0.00000 0.00000 )
Unit-weighted undirected, cutoff=1:
( 0.166667 0.333333 0.333333 0.333333 0.333333 0.333333 0.166667 )
Weighted undirected:
( 0.285714 0.322090 0.241402 0.187963 0.149146 0.116534 0.0795695 )
Weighted directed:
( 0.285714 0.155423 0.102513 0.0712963 0.0484848 0.0277778 0.00000 )
Null graph:
( )
( )
Singleton graph:
( 0.00000 )
( 0.00000 )
Empty graph with two vertices:
( 0.00000 0.00000 )
( 0.00000 0.00000 )
Multiple components, unweighted:
( 0.00000 0.100000 0.100000 0.100000 0.312500 0.358333 0.325000 0.260833 0.329167 0.368333 0.260833 0.230000 0.00000 0.315000 0.315000 0.315000 0.315000 0.0500000 0.0500000 0.220833 0.220833 )
Multiple components, constant weight vector:
( 0.00000 0.700000 0.700000 0.700000 2.18750 2.50833 2.27500 1.82583 2.30417 2.57833 1.82583 1.61000 0.00000 2.20500 2.20500 2.20500 2.20500 0.350000 0.350000 1.54583 1.54583 )
