Small example graph first projection:
directed: true
vcount: 6
edges: {
0 1: 6
1 0: 3
0 2: 2
2 0: 5
1 2: 1
2 1: 5
1 3: 4
3 1: 6
1 4: 5
4 1: 6
4 5: 1
5 4: 1
}

Small example graph second projection:
directed: true
vcount: 6
edges: {
0 1: 6
1 0: 3
0 2: 2
2 0: 4
0 3: 2
3 0: 3
0 4: 2
4 0: 2
1 2: 1
2 1: 4
1 3: 1
3 1: 3
1 4: 1
4 1: 2
2 3: 4
3 2: 3
2 4: 4
4 2: 2
3 4: 5
4 3: 6
3 5: 2
5 3: 1
4 5: 4
5 4: 1
}
