( 14.1667 43.6389 11.5000 29.3333 43.8333 43.8333 12.8024 41.6484 29.3333 33.0000 26.1000 23.7706 22.5095 25.7706 22.5095 71.3929 13.0333 4.33333 4.16429 6.95952 10.4905 8.20952 10.4905 18.1095 12.5833 14.1452 5.14762 17.2810 4.28095 23.1087 12.7810 38.7016 1.88810 6.90000 8.37143 2.66667 1.66667 1.66667 2.66667 16.5000 16.5000 5.50000 17.0778 22.6849 16.6143 38.0492 13.5111 19.4889 13.5111 19.4889 13.5111 19.4889 33.3135 13.5111 19.4889 13.5111 19.4889 11.0944 5.91111 3.73333 12.5333 18.3278 2.36667 10.4667 22.5000 23.5944 2.54286 30.4571 17.0976 8.33333 13.7810 13.0873 16.7222 9.56667 15.0429 23.2444 29.9540 4.61429 )
( 4.00000 3.00000 3.00000 2.00000 )
( 3.00000 3.00000 3.00000 4.00000 3.00000 4.00000 3.00000 4.00000 4.00000 3.00000 3.00000 3.00000 )
( 0.00000 0.00000 2.33333 2.33333 2.33333 0.00000 2.33333 2.33333 2.33333 2.33333 2.33333 2.33333 0.00000 0.00000 0.00000 )
