( 3.47769 3.8169 3.92561 3.83708 3.37378 3.83754 3.83759 3.83422 3.8169 3.81357 3.92806 3.46098 )
( 54.1968 47.5182 47.5182 47.5182 54.1968 47.5182 47.5182 47.5182 54.1968 )
