Only one person, low recovery rate:
susceptibles: ( 0 0 )
infected: ( 1 0 )
recovered: ( 0 1 )
susceptibles: ( 0 0 )
infected: ( 1 0 )
recovered: ( 0 1 )

Two people, not connected, only one infection expected:
