===Simple, connected graph===
Edges: 3 4 1 8 1 7 1 4 0 5 0 6 2 4 2 6
Degrees: 2 3 2 1 3 1 2 1 1
vcount: 9
Simple: 1
Connected: 1
Bipartite: 1
===Connected multigraph===
Edges: 2 3 0 3 0 3 1 3 1 4 1 4
Degrees: 2 3 1 4 2
vcount: 5
Has multiedges: 1
Connected: 1
Bipartite: 1
