{
  0: ( 0 1 )
  1: ( 0 9 )
  2: ( 1 2 )
  3: ( 2 3 )
  4: ( 3 4 )
  5: ( 4 5 )
  6: ( 5 6 )
  7: ( 6 7 )
  8: ( 7 8 )
  9: ( 8 9 )
}
---
{
  0: ( 5 6 14 16 17 43 44 48 )
  1: ( 5 6 14 16 36 43 44 48 )
  2: ( 5 14 15 29 36 43 44 48 )
  3: ( 5 14 16 17 22 43 48 49 )
  4: ( 5 14 16 17 43 44 48 49 )
  5: ( 5 14 16 36 43 44 48 49 )
  6: ( 5 14 29 36 43 44 48 49 )
  7: ( 14 16 17 22 37 43 48 49 )
}
