Testing null graph
Finished search, found 0 cycles.

Vertex IDs in cycles:
{
}
Edge IDs in cycles:
{
}

Testing empty graph
Finished search, found 0 cycles.

Vertex IDs in cycles:
{
}
Edge IDs in cycles:
{
}

Testing ring
Finished search, found 1 cycles.

Vertex IDs in cycles:
{
  0: ( 0 1 2 3 4 5 6 7 8 9 )
}
Edge IDs in cycles:
{
  0: ( 0 1 2 3 4 5 6 7 8 9 )
}

Testing large ring
Finished search, found 1 cycles.


Testing star
Finished search, found 0 cycles.

Vertex IDs in cycles:
{
}
Edge IDs in cycles:
{
}

Testing directed wheel
Finished search, found 1 cycles.

Vertex IDs in cycles:
{
  0: ( 1 2 3 4 5 6 7 8 9 )
}
Edge IDs in cycles:
{
  0: ( 9 10 11 12 13 14 15 16 17 )
}

Testing undirected ring
Finished search, found 1 cycles.

Vertex IDs in cycles:
{
  0: ( 0 1 2 3 4 5 6 7 8 9 )
}
Edge IDs in cycles:
{
  0: ( 0 1 2 3 4 5 6 7 8 9 )
}

Testing undirected star
Finished search, found 0 cycles.

Vertex IDs in cycles:
{
}
Edge IDs in cycles:
{
}

Testing union of undirected wheel and star
Finished search, found 1 cycles.

Vertex IDs in cycles:
{
  0: ( 0 1 2 3 4 5 6 7 8 9 )
}
Edge IDs in cycles:
{
  0: ( 0 1 2 3 4 5 6 7 8 9 )
}

Testing union of undirected wheel, star and a single edge
Finished search, found 1 cycles.

Vertex IDs in cycles:
{
  0: ( 0 1 2 3 4 5 6 7 8 9 )
}
Edge IDs in cycles:
{
  0: ( 0 1 2 3 4 5 6 7 8 9 )
}

Created undirected wheel
Finished search, found 73 cycles.

Vertex IDs in cycles:
{
  0: ( 0 1 2 )
  1: ( 0 1 2 3 )
  2: ( 0 1 2 3 4 )
  3: ( 0 1 2 3 4 5 )
  4: ( 0 1 2 3 4 5 6 )
  5: ( 0 1 2 3 4 5 6 7 )
  6: ( 0 1 2 3 4 5 6 7 8 )
  7: ( 0 1 2 3 4 5 6 7 8 9 )
  8: ( 0 1 9 )
  9: ( 0 1 9 8 )
  10: ( 0 1 9 8 7 )
  11: ( 0 1 9 8 7 6 )
  12: ( 0 1 9 8 7 6 5 )
  13: ( 0 1 9 8 7 6 5 4 )
  14: ( 0 1 9 8 7 6 5 4 3 )
  15: ( 0 1 9 8 7 6 5 4 3 2 )
  16: ( 0 2 1 9 )
  17: ( 0 2 1 9 8 )
  18: ( 0 2 1 9 8 7 )
  19: ( 0 2 1 9 8 7 6 )
  20: ( 0 2 1 9 8 7 6 5 )
  21: ( 0 2 1 9 8 7 6 5 4 )
  22: ( 0 2 1 9 8 7 6 5 4 3 )
  23: ( 0 2 3 )
  24: ( 0 2 3 4 )
  25: ( 0 2 3 4 5 )
  26: ( 0 2 3 4 5 6 )
  27: ( 0 2 3 4 5 6 7 )
  28: ( 0 2 3 4 5 6 7 8 )
  29: ( 0 2 3 4 5 6 7 8 9 )
  30: ( 0 3 2 1 9 )
  31: ( 0 3 2 1 9 8 )
  32: ( 0 3 2 1 9 8 7 )
  33: ( 0 3 2 1 9 8 7 6 )
  34: ( 0 3 2 1 9 8 7 6 5 )
  35: ( 0 3 2 1 9 8 7 6 5 4 )
  36: ( 0 3 4 )
  37: ( 0 3 4 5 )
  38: ( 0 3 4 5 6 )
  39: ( 0 3 4 5 6 7 )
  40: ( 0 3 4 5 6 7 8 )
  41: ( 0 3 4 5 6 7 8 9 )
  42: ( 0 4 3 2 1 9 )
  43: ( 0 4 3 2 1 9 8 )
  44: ( 0 4 3 2 1 9 8 7 )
  45: ( 0 4 3 2 1 9 8 7 6 )
  46: ( 0 4 3 2 1 9 8 7 6 5 )
  47: ( 0 4 5 )
  48: ( 0 4 5 6 )
  49: ( 0 4 5 6 7 )
  50: ( 0 4 5 6 7 8 )
  51: ( 0 4 5 6 7 8 9 )
  52: ( 0 5 4 3 2 1 9 )
  53: ( 0 5 4 3 2 1 9 8 )
  54: ( 0 5 4 3 2 1 9 8 7 )
  55: ( 0 5 4 3 2 1 9 8 7 6 )
  56: ( 0 5 6 )
  57: ( 0 5 6 7 )
  58: ( 0 5 6 7 8 )
  59: ( 0 5 6 7 8 9 )
  60: ( 0 6 5 4 3 2 1 9 )
  61: ( 0 6 5 4 3 2 1 9 8 )
  62: ( 0 6 5 4 3 2 1 9 8 7 )
  63: ( 0 6 7 )
  64: ( 0 6 7 8 )
  65: ( 0 6 7 8 9 )
  66: ( 0 7 6 5 4 3 2 1 9 )
  67: ( 0 7 6 5 4 3 2 1 9 8 )
  68: ( 0 7 8 )
  69: ( 0 7 8 9 )
  70: ( 0 8 7 6 5 4 3 2 1 9 )
  71: ( 0 8 9 )
  72: ( 1 2 3 4 5 6 7 8 9 )
}
Edge IDs in cycles:
{
  0: ( 0 9 1 )
  1: ( 0 9 10 2 )
  2: ( 0 9 10 11 3 )
  3: ( 0 9 10 11 12 4 )
  4: ( 0 9 10 11 12 13 5 )
  5: ( 0 9 10 11 12 13 14 6 )
  6: ( 0 9 10 11 12 13 14 15 7 )
  7: ( 0 9 10 11 12 13 14 15 16 8 )
  8: ( 0 17 8 )
  9: ( 0 17 16 7 )
  10: ( 0 17 16 15 6 )
  11: ( 0 17 16 15 14 5 )
  12: ( 0 17 16 15 14 13 4 )
  13: ( 0 17 16 15 14 13 12 3 )
  14: ( 0 17 16 15 14 13 12 11 2 )
  15: ( 0 17 16 15 14 13 12 11 10 1 )
  16: ( 1 9 17 8 )
  17: ( 1 9 17 16 7 )
  18: ( 1 9 17 16 15 6 )
  19: ( 1 9 17 16 15 14 5 )
  20: ( 1 9 17 16 15 14 13 4 )
  21: ( 1 9 17 16 15 14 13 12 3 )
  22: ( 1 9 17 16 15 14 13 12 11 2 )
  23: ( 1 10 2 )
  24: ( 1 10 11 3 )
  25: ( 1 10 11 12 4 )
  26: ( 1 10 11 12 13 5 )
  27: ( 1 10 11 12 13 14 6 )
  28: ( 1 10 11 12 13 14 15 7 )
  29: ( 1 10 11 12 13 14 15 16 8 )
  30: ( 2 10 9 17 8 )
  31: ( 2 10 9 17 16 7 )
  32: ( 2 10 9 17 16 15 6 )
  33: ( 2 10 9 17 16 15 14 5 )
  34: ( 2 10 9 17 16 15 14 13 4 )
  35: ( 2 10 9 17 16 15 14 13 12 3 )
  36: ( 2 11 3 )
  37: ( 2 11 12 4 )
  38: ( 2 11 12 13 5 )
  39: ( 2 11 12 13 14 6 )
  40: ( 2 11 12 13 14 15 7 )
  41: ( 2 11 12 13 14 15 16 8 )
  42: ( 3 11 10 9 17 8 )
  43: ( 3 11 10 9 17 16 7 )
  44: ( 3 11 10 9 17 16 15 6 )
  45: ( 3 11 10 9 17 16 15 14 5 )
  46: ( 3 11 10 9 17 16 15 14 13 4 )
  47: ( 3 12 4 )
  48: ( 3 12 13 5 )
  49: ( 3 12 13 14 6 )
  50: ( 3 12 13 14 15 7 )
  51: ( 3 12 13 14 15 16 8 )
  52: ( 4 12 11 10 9 17 8 )
  53: ( 4 12 11 10 9 17 16 7 )
  54: ( 4 12 11 10 9 17 16 15 6 )
  55: ( 4 12 11 10 9 17 16 15 14 5 )
  56: ( 4 13 5 )
  57: ( 4 13 14 6 )
  58: ( 4 13 14 15 7 )
  59: ( 4 13 14 15 16 8 )
  60: ( 5 13 12 11 10 9 17 8 )
  61: ( 5 13 12 11 10 9 17 16 7 )
  62: ( 5 13 12 11 10 9 17 16 15 6 )
  63: ( 5 14 6 )
  64: ( 5 14 15 7 )
  65: ( 5 14 15 16 8 )
  66: ( 6 14 13 12 11 10 9 17 8 )
  67: ( 6 14 13 12 11 10 9 17 16 7 )
  68: ( 6 15 7 )
  69: ( 6 15 16 8 )
  70: ( 7 15 14 13 12 11 10 9 17 8 )
  71: ( 7 16 8 )
  72: ( 9 10 11 12 13 14 15 16 17 )
}

Testing directed graph with a cycle of length 4 and a multi-edge
Finished search, found 2 cycles.

Vertex IDs in cycles:
{
  0: ( 1 2 3 4 )
  1: ( 1 2 3 4 )
}
Edge IDs in cycles:
{
  0: ( 0 2 3 4 )
  1: ( 0 1 3 4 )
}

Testing undirected graph with a cycle of length 4 and a multi-edge
Finished search, found 2 cycles.

Vertex IDs in cycles:
{
  0: ( 1 2 3 4 )
  1: ( 1 2 3 4 )
}
Edge IDs in cycles:
{
  0: ( 0 2 3 4 )
  1: ( 0 1 3 4 )
}

Testing graph with single self-loop
Finished search, found 1 cycles.

Vertex IDs in cycles:
{
  0: ( 0 )
}
Edge IDs in cycles:
{
  0: ( 0 )
}
