{
  0: ( 2 3 9 17 24 34 40 44 56 72 75 87 91 94 98 )
  1: ( 2 9 17 24 34 40 44 56 63 72 75 87 91 94 98 )
  2: ( 2 9 17 24 34 40 56 63 72 73 75 87 91 94 98 )
  3: ( 3 6 15 24 25 33 40 44 50 55 56 59 75 86 90 )
  4: ( 3 6 24 25 33 40 44 50 55 56 59 61 75 86 90 )
  5: ( 3 6 24 29 33 34 40 44 50 55 56 61 75 86 90 )
  6: ( 3 6 24 29 33 40 44 50 55 56 59 61 75 86 90 )
  7: ( 3 6 25 33 40 44 50 55 56 59 61 75 86 89 90 )
  8: ( 5 6 18 25 35 39 45 55 59 61 67 80 84 86 90 )
  9: ( 5 6 25 32 39 45 52 55 56 59 61 67 75 90 96 )
  10: ( 6 18 25 35 39 45 55 59 61 67 80 83 84 86 90 )
  11: ( 12 18 28 29 33 34 40 45 55 61 62 73 87 93 96 )
  12: ( 12 28 29 33 34 40 43 52 61 62 70 73 74 87 96 )
  13: ( 12 28 29 33 34 40 45 52 55 61 62 73 87 93 96 )
  14: ( 12 28 29 33 34 40 52 56 61 63 70 73 74 87 96 )
}
