{
  0: ( 1 18 24 29 44 78 86 94 96 )
  1: ( 1 24 29 44 62 78 86 94 96 )
  2: ( 5 15 36 48 55 60 69 74 92 )
  3: ( 5 15 36 51 60 74 91 93 96 )
  4: ( 5 16 17 30 48 51 56 74 79 )
  5: ( 5 16 17 48 51 56 60 74 79 )
  6: ( 5 16 48 51 56 60 74 79 98 )
  7: ( 5 16 48 51 60 74 79 96 98 )
  8: ( 8 13 18 34 38 39 51 78 81 )
  9: ( 8 18 24 25 38 44 53 78 86 )
  10: ( 8 18 24 25 38 53 54 78 86 )
  11: ( 8 18 24 25 44 53 78 86 96 )
  12: ( 8 18 24 38 53 54 78 81 86 )
  13: ( 9 12 35 39 62 64 65 68 75 )
  14: ( 13 14 16 17 26 46 49 52 66 )
  15: ( 13 16 17 30 48 51 56 74 79 )
  16: ( 13 16 17 48 51 56 60 74 79 )
  17: ( 13 17 48 51 56 60 74 78 79 )
  18: ( 14 16 17 22 48 49 52 66 94 )
  19: ( 28 41 44 55 59 62 65 87 92 )
  20: ( 28 41 55 59 62 65 80 85 92 )
  21: ( 28 41 55 59 62 65 80 87 92 )
  22: ( 28 41 55 62 65 75 80 85 92 )
}
---
{
  0: ( 8 13 18 34 38 39 51 78 81 )
  1: ( 8 18 24 25 38 44 53 78 86 )
  2: ( 8 18 24 25 38 53 54 78 86 )
  3: ( 8 18 24 25 44 53 78 86 96 )
  4: ( 8 18 24 38 53 54 78 81 86 )
  5: ( 9 12 35 39 62 64 65 68 75 )
  6: ( 13 14 16 17 26 46 49 52 66 )
  7: ( 13 16 17 30 48 51 56 74 79 )
  8: ( 13 16 17 48 51 56 60 74 79 )
  9: ( 13 17 48 51 56 60 74 78 79 )
}
+
{
  0: ( 1 18 24 29 44 78 86 94 96 )
  1: ( 1 24 29 44 62 78 86 94 96 )
  2: ( 5 15 36 48 55 60 69 74 92 )
  3: ( 5 15 36 51 60 74 91 93 96 )
  4: ( 5 16 17 30 48 51 56 74 79 )
  5: ( 5 16 17 48 51 56 60 74 79 )
  6: ( 5 16 48 51 56 60 74 79 98 )
  7: ( 5 16 48 51 60 74 79 96 98 )
  8: ( 14 16 17 22 48 49 52 66 94 )
  9: ( 28 41 44 55 59 62 65 87 92 )
  10: ( 28 41 55 59 62 65 80 85 92 )
  11: ( 28 41 55 59 62 65 80 87 92 )
  12: ( 28 41 55 62 65 75 80 85 92 )
}
