Testing empty graph
testing greedy coloring with COLORED_NEIGHBORS heuristic
( )
testing greedy coloring with DSATUR heuristic
( )

testing 1 vertice graph
testing greedy coloring with COLORED_NEIGHBORS heuristic
Colors used 1
( 0 )
testing greedy coloring with DSATUR heuristic
Colors used 1
( 0 )

testing large simple graph
testing greedy coloring with COLORED_NEIGHBORS heuristic
Colors used 11
testing greedy coloring with DSATUR heuristic
Colors used 8

testing large multiedge looped graph
testing greedy coloring with COLORED_NEIGHBORS heuristic
Colors used 11
testing greedy coloring with DSATUR heuristic
Colors used 8

testing small simple graph
testing greedy coloring with COLORED_NEIGHBORS heuristic
Colors used 4
( 2 2 2 3 1 1 0 0 )
testing greedy coloring with DSATUR heuristic
Colors used 3
( 2 2 2 0 1 1 1 0 )

testing small lcf graph
testing greedy coloring with COLORED_NEIGHBORS heuristic
Colors used 5
( 0 4 3 2 1 0 2 1 )
testing greedy coloring with DSATUR heuristic
Colors used 5
( 4 3 2 1 0 2 1 0 )

testing graph with isolated vertex
testing greedy coloring with COLORED_NEIGHBORS heuristic
Colors used 2
( 0 1 0 0 )
testing greedy coloring with DSATUR heuristic
Colors used 2
( 1 0 0 0 )

testing wheel graph with odd number of vertices
testing greedy coloring with COLORED_NEIGHBORS heuristic
Colors used 3
( 0 2 1 2 1 2 1 2 1 2 1 )
testing greedy coloring with DSATUR heuristic
Colors used 3
( 0 2 1 2 1 2 1 2 1 2 1 )

testing wheel graph with even number of vertices
testing greedy coloring with COLORED_NEIGHBORS heuristic
Colors used 4
( 0 3 2 1 2 1 2 1 2 1 2 1 )
testing greedy coloring with DSATUR heuristic
Colors used 4
( 0 3 2 1 2 1 2 1 2 1 2 1 )

testing complete bipartite graph
testing greedy coloring with COLORED_NEIGHBORS heuristic
Colors used 2
testing greedy coloring with DSATUR heuristic
Colors used 2

testing large bipartite graph
testing greedy coloring with COLORED_NEIGHBORS heuristic
Colors used 2
testing greedy coloring with DSATUR heuristic
Colors used 2

