Input matrix:
-7 -1 10 3 8 1 -5 10 -9 -1
-7 1 0 8 -5 4 -8 1 1 6
7 -8 8 6 -5 -9 -2 -8 -4 -8
6 8 -5 -2 10 3 7 7 -4 -9
1 -8 -5 9 -1 5 5 6 -9 10
-10 10 -6 -10 5 3 -6 7 -8 10
-4 0 8 -7 -3 -8 1 -4 -9 1
2 0 9 -4 0 -10 -5 0 10 0
-10 1 -7 -2 7 10 9 9 8 -3
-8 1 9 -8 10 -2 -3 -6 7 6


4 largest eigenvalues by magnitude:

Eigenvalues:
23.697 0
-22.9839 0
-2.88617 20.836
-2.88617 -20.836

3 largest eigenvalues by magnitude:

Eigenvalues:
23.697 0
-22.9839 0
-2.88617 20.836

3 smallest eigenvalues by real part:

Eigenvalues:
-22.9839 0
-12.8456 0
-5.38624 0

3 smallest eigenvalues by imaginary part:

Eigenvalues:
-2.88617 20.836
-2.88617 -20.836
12.0475 6.47086
