Null graph:
k=3
( )

k=4
( )

Singleton graph:
k=3
( )

k=4
( )

P_2 graph
k=3
( Inf )

k=4
( Inf )

K_5 graph:
k=3
( 1.33333 1.33333 1.33333 1.33333 1.33333 1.33333 1.33333 1.33333 1.33333 1.33333 )
( 1.33333 1.33333 1.33333 1.33333 1.33333 1.33333 1.33333 1.33333 1.33333 1.33333 )
( 1.33333 1.33333 1.33333 1.33333 1.33333 1.33333 1.33333 1.33333 1.33333 1.33333 )

k=4
( 0.777778 0.777778 0.777778 0.777778 0.777778 0.777778 0.777778 0.777778 0.777778 0.777778 )

K_5 graph with self-loops:
k=3
( Inf 0.8 0.8 0.8 0.8 Inf 0.8 0.8 0.8 Inf 0.8 0.8 Inf 0.8 Inf )
( Inf 0.8 0.8 0.8 0.8 Inf 0.8 0.8 0.8 Inf 0.8 0.8 Inf 0.8 Inf )
( Inf 0.8 0.8 0.8 0.8 Inf 0.8 0.8 0.8 Inf 0.8 0.8 Inf 0.8 Inf )

k=4
( Inf 0.28 0.28 0.28 0.28 Inf 0.28 0.28 0.28 Inf 0.28 0.28 Inf 0.28 Inf )

Multigraph:
k=3
( 0.75 2 2 0.75 2 2 1 0.25 Inf Inf 1.5 )
( 0.75 2 2 0.75 2 2 1 0.25 Inf Inf 1.5 )
( 0.75 2 2 0.75 2 2 1 0.25 Inf Inf 1.5 )

k=4
( 0.125 0.5 0.5 0.125 0.5 1 0.375 0.0625 Inf Inf 0.25 )

Zachary karate club:
k=3
( 1 0.666667 1.2 1.5 1 1 1.33333 0.5 1.5 Inf 2 1 2 1 2 0.2 0.625 1 1.33333 1 2 1 2 0.333333 1 1.33333 0.333333 0.5 0.222222 1 0.75 1 1.33333 2 1 1 1 1 1 2 2 1 1 0.75 1 0.25 2 2 2 2 2 2 0.5 2 2 2 2 0.5 0.666667 0.75 1 1 1 0.5 1 1 2 2 0.666667 1 1 1 1.33333 1 1 0.4 0.6 1 )
( 1 0.666667 1.2 1.5 1 1 1.33333 0.5 1.5 Inf 2 1 2 1 2 0.2 0.625 1 1.33333 1 2 1 2 0.333333 1 1.33333 0.333333 0.5 0.222222 1 0.75 1 1.33333 2 1 1 1 1 1 2 2 1 1 0.75 1 0.25 2 2 2 2 2 2 0.5 2 2 2 2 0.5 0.666667 0.75 1 1 1 0.5 1 1 2 2 0.666667 1 1 1 1.33333 1 1 0.4 0.6 1 )
( 1 0.666667 1.2 1.5 1 1 1.33333 0.5 1.5 Inf 2 1 2 1 2 0.2 0.625 1 1.33333 1 2 1 2 0.333333 1 1.33333 0.333333 0.5 0.222222 1 0.75 1 1.33333 2 1 1 1 1 1 2 2 1 1 0.75 1 0.25 2 2 2 2 2 2 0.5 2 2 2 2 0.5 0.666667 0.75 1 1 1 0.5 1 1 2 2 0.666667 1 1 1 1.33333 1 1 0.4 0.6 1 )

k=4
( 0.116667 0.133333 0.2 0.1 0.0888889 0.0888889 0.333333 0.183333 0.1 Inf 0.333333 0.3 0.466667 0.333333 0.466667 0.0933333 0.236111 0.375 0.541667 0.46875 0.875 0.5625 0.875 0.25 0.288889 0.407407 0.259259 0.444444 0.121212 0.666667 0.333333 0.444444 0.733333 1 0.55 0.666667 1 0.444444 0.666667 0.666667 0.666667 0.5 0.295455 0.296875 0.375 0.171875 0.909091 0.625 0.909091 0.625 0.909091 0.625 0.1875 0.909091 0.625 0.909091 0.625 0.5 0.416667 0.318182 0.203125 0.416667 0.5 0.5 0.2 0.3 1 0.1875 0.1875 0.4 0.21875 0.363636 0.25 0.393939 0.270833 0.272727 0.1875 0.0738636 )
