igraph_matrix_e
0 1 2 
3 4 5 
6 7 8 
9 10 11 
igraph_matrix_e_ptr
0 1 2 
3 4 5 
6 7 8 
9 10 11 
igraph_matrix_set
[ 0.00000 0.00000 0.00000
  1.00000 1.00000 1.00000
  2.00000 2.00000 2.00000
  3.00000 3.00000 3.00000 ]
[ 0.00000 1.00000 2.00000
  0.00000 1.00000 2.00000
  0.00000 1.00000 2.00000
  0.00000 1.00000 2.00000 ]
igraph_matrix_fill
[ 42.0000 42.0000 42.0000
  42.0000 42.0000 42.0000
  42.0000 42.0000 42.0000
  42.0000 42.0000 42.0000 ]
[ -42.1000 -42.1000 -42.1000
  -42.1000 -42.1000 -42.1000
  -42.1000 -42.1000 -42.1000
  -42.1000 -42.1000 -42.1000 ]
igraph_matrix_update
[ 0.00000 1.00000 2.00000
  3.00000 4.00000 5.00000
  6.00000 7.00000 8.00000
  9.00000 10.0000 11.0000 ]
igraph_matrix_rbind
[ 0.00000 1.00000 2.00000
  3.00000 4.00000 5.00000
  6.00000 7.00000 8.00000
  9.00000 10.0000 11.0000
  0.00000 1.00000 2.00000
  3.00000 4.00000 5.00000
  6.00000 7.00000 8.00000
  9.00000 10.0000 11.0000 ]

[ 0.00000 1.00000 2.00000
  3.00000 4.00000 5.00000
  6.00000 7.00000 8.00000
  9.00000 10.0000 11.0000
  0.00000 1.00000 2.00000
  3.00000 4.00000 5.00000
  6.00000 7.00000 8.00000
  9.00000 10.0000 11.0000 ]

[ 0.00000 1.00000 2.00000
  3.00000 4.00000 5.00000
  6.00000 7.00000 8.00000
  9.00000 10.0000 11.0000
  0.00000 1.00000 2.00000
  3.00000 4.00000 5.00000
  6.00000 7.00000 8.00000
  9.00000 10.0000 11.0000 ]
igraph_matrix_cbind
[ 0.00000 1.00000 2.00000 0.00000 1.00000
  3.00000 4.00000 5.00000 2.00000 3.00000
  6.00000 7.00000 8.00000 4.00000 5.00000
  9.00000 10.0000 11.0000 6.00000 7.00000 ]
igraph_matrix_swap
[ 0.00000 1.00000
  2.00000 3.00000
  4.00000 5.00000
  6.00000 7.00000 ]
[ 0.00000 0.00000
  0.00000 0.00000
  0.00000 0.00000
  0.00000 0.00000 ]
igraph_matrix_get_row
igraph_matrix_set_row
[ 0.00000 1.00000
  2.00000 3.00000
  4.00000 5.00000
  6.00000 7.00000 ]
igraph_matrix_set_col
[ 0.00000 1.00000
  2.00000 3.00000
  4.00000 5.00000
  6.00000 7.00000 ]
igraph_matrix_swap_rows
[ 4.00000 5.00000
  2.00000 3.00000
  0.00000 1.00000
  6.00000 7.00000 ]
igraph_matrix_swap_cols
[ 5.00000 4.00000
  3.00000 2.00000
  1.00000 0.00000
  7.00000 6.00000 ]
igraph_matrix_add_constant
[ 5.00000 4.00000
  3.00000 2.00000
  1.00000 0.00000
  7.00000 6.00000 ]
[ 4.00000 3.00000
  2.00000 1.00000
  0.00000 -1.00000
  6.00000 5.00000 ]
igraph_matrix_add
[ 0.00000 2.00000
  4.00000 6.00000
  8.00000 10.0000
  12.0000 14.0000 ]
igraph_matrix_sub
[ 0.00000 1.00000
  2.00000 3.00000
  4.00000 5.00000
  6.00000 7.00000 ]
igraph_matrix_mul_elements
[ 0.00000 1.00000
  4.00000 9.00000
  16.0000 25.0000
  36.0000 49.0000 ]
igraph_matrix_div_elements
[ 0.00000 0.500000
  2.00000 4.50000
  8.00000 12.5000
  18.0000 24.5000 ]
igraph_matrix_min
igraph_matrix_which_min
igraph_matrix_which_max
igraph_matrix_minmax
-2 100
igraph_matrix_which_minmax
igraph_matrix_isnull
igraph_matrix_empty
igraph_matrix_is_symmetric
igraph_matrix_prod
[ 1.00000 2.00000
  3.00000 4.00000
  5.00000 6.00000 ]
product: 720
igraph_matrix_rowsum
( 3.00000 7.00000 11.0000 )
igraph_matrix_colsum
( 9.00000 12.0000 )
igraph_matrix_contains
igraph_matrix_search
igraph_matrix_remove_row
[ 1.00000 2.00000
  5.00000 6.00000 ]
[ 0.00000 1.00000 2.00000 3.00000
  4.00000 5.00000 6.00000 7.00000
  8.00000 9.00000 10.0000 11.0000
  12.0000 13.0000 14.0000 15.0000 ]
[ 4.00000 5.00000 6.00000 7.00000
  8.00000 9.00000 10.0000 11.0000
  12.0000 13.0000 14.0000 15.0000 ]
igraph_matrix_select_cols
[ 0.00000 4.00000 2.00000
  0.00000 4.00000 2.00000
  0.00000 4.00000 2.00000
  0.00000 4.00000 2.00000
  0.00000 4.00000 2.00000
  0.00000 4.00000 2.00000 ]
[ 0.00000
  0.00000
  0.00000
  0.00000
  0.00000
  0.00000 ]
