
Null graph (not connected)
Directed
( )
( )
No. of components: 0
{
}
( )
Undirected
( )
( )
No. of components: 0
{
}
( )

Singleton graph (connected)
Directed
( 0 )
( 1 )
No. of components: 1
{
  0: ( 1 )
}
( 1 )
Undirected
( 0 )
( 1 )
No. of components: 1
{
  0: ( 1 )
}
( 1 )

Kautz graph (connected)
Directed
( 0 0 0 0 0 0 0 0 0 0 0 0 )
( 12 )
No. of components: 1
{
  0: ( 1 1 1 1 1 1 1 1 1 1 1 1 )
}
( 12 12 12 12 12 12 12 12 12 12 12 12 )
Undirected
( 0 0 0 0 0 0 0 0 0 0 0 0 )
( 12 )
No. of components: 1
{
  0: ( 1 1 1 1 1 1 1 1 1 1 1 1 )
}
( 12 12 12 12 12 12 12 12 12 12 12 12 )

Directed 2-path
Directed
( 0 1 )
( 1 1 )
No. of components: 2
{
  0: ( 1 1 )
  1: ( 1 0 )
}
( 2 1 )
Undirected
( 0 0 )
( 2 )
No. of components: 1
{
  0: ( 1 1 )
}
( 2 2 )

Two disjoint 3-cycles
Directed
( 1 1 1 0 0 0 )
( 3 3 )
No. of components: 2
{
  0: ( 1 1 1 0 0 0 )
  1: ( 0 0 0 1 1 1 )
}
( 3 3 3 3 3 3 )
Undirected
( 0 0 0 1 1 1 )
( 3 3 )
No. of components: 2
{
  0: ( 0 0 0 1 1 1 )
  1: ( 1 1 1 0 0 0 )
}
( 3 3 3 3 3 3 )

Path graph with 6 vertices ascending
Directed
( 0 1 2 3 4 5 )
( 1 1 1 1 1 1 )
No. of components: 6
{
  0: ( 1 1 1 1 1 1 )
  1: ( 1 1 1 1 1 0 )
  2: ( 1 1 1 1 0 0 )
  3: ( 1 1 1 0 0 0 )
  4: ( 1 1 0 0 0 0 )
  5: ( 1 0 0 0 0 0 )
}
( 6 5 4 3 2 1 )
Undirected
( 0 0 0 0 0 0 )
( 6 )
No. of components: 1
{
  0: ( 1 1 1 1 1 1 )
}
( 6 6 6 6 6 6 )

Path graph with 6 vertices descending
Directed
( 5 4 3 2 1 0 )
( 1 1 1 1 1 1 )
No. of components: 6
{
  0: ( 1 1 1 1 1 1 )
  1: ( 0 1 1 1 1 1 )
  2: ( 0 0 1 1 1 1 )
  3: ( 0 0 0 1 1 1 )
  4: ( 0 0 0 0 1 1 )
  5: ( 0 0 0 0 0 1 )
}
( 1 2 3 4 5 6 )
Undirected
( 0 0 0 0 0 0 )
( 6 )
No. of components: 1
{
  0: ( 1 1 1 1 1 1 )
}
( 6 6 6 6 6 6 )

Custom
Directed
( 5 5 5 6 7 7 4 2 3 3 3 1 0 )
( 1 1 1 3 1 3 1 2 )
No. of components: 8
{
  0: ( 1 0 0 0 0 0 1 0 0 0 0 0 0 )
  1: ( 0 1 0 0 0 0 1 0 0 0 0 0 0 )
  2: ( 0 0 1 1 1 1 0 1 1 0 0 0 0 )
  3: ( 0 0 1 1 1 0 0 0 0 0 0 0 0 )
  4: ( 0 0 0 0 0 0 1 0 0 0 0 0 0 )
  5: ( 0 0 0 0 0 0 0 1 1 1 1 1 1 )
  6: ( 0 0 0 0 0 0 0 1 1 1 0 0 0 )
  7: ( 0 0 0 0 0 0 0 1 1 0 0 0 0 )
}
( 6 6 6 3 2 2 1 6 3 3 3 2 2 )
Undirected
( 0 0 0 0 0 0 1 0 0 0 0 1 1 )
( 10 3 )
No. of components: 2
{
  0: ( 0 0 1 1 1 1 0 1 1 1 1 1 1 )
  1: ( 1 1 0 0 0 0 1 0 0 0 0 0 0 )
}
( 10 10 10 10 10 10 3 10 10 10 10 3 3 )
