rng name: LIBC
16
71
12
94
51

16
71
12
94
51

rng name: MT19937
37
80
96
18
73

37
80
96
18
73

