Initialise empty vector list
{
}
Initialise vector list of length 10
{
  0: ( )
  1: ( )
  2: ( )
  3: ( )
  4: ( )
  5: ( )
  6: ( )
  7: ( )
  8: ( )
  9: ( )
}
Test igraph_vector_int_list_get_ptr and igraph_vector_int_list_size
{
  0: ( 10 )
  1: ( 9 )
  2: ( 8 )
  3: ( 7 )
  4: ( 6 )
  5: ( 5 )
  6: ( 4 )
  7: ( 3 )
  8: ( 2 )
  9: ( 1 )
}
Test igraph_vector_int_list_reserve and igraph_vector_int_list_push_back_new
Test igraph_vector_int_list_empty and igraph_vector_int_list_clear
Test igraph_vector_list_set
{
  0: ( 0 )
  1: ( 20 )
  2: ( 40 )
  3: ( 60 )
  4: ( 80 )
}
Test igraph_vector_int_list_tail_ptr, igraph_vector_int_list_pop_back
( 10 )
( 10 )
( 9 )
( 9 )
( 8 )
( 8 )
( 7 )
( 7 )
( 6 )
( 6 )
( 5 )
( 5 )
( 4 )
( 4 )
( 3 )
( 3 )
( 2 )
( 2 )
( 1 )
( 1 )

Test igraph_vector_int_list_resize, igraph_vector_int_list_sort
{
  0: ( 1 )
  1: ( 2 )
  2: ( 3 )
  3: ( 4 )
  4: ( 5 )
  5: ( 6 )
  6: ( 7 )
  7: ( 8 )
  8: ( 9 )
  9: ( 10 )
}
Test igraph_vector_int_list_remove
( 10 )
( 1 )
( 6 )
{
  0: ( 2 )
  1: ( 3 )
  2: ( 4 )
  3: ( 5 )
  4: ( 7 )
  5: ( 8 )
  6: ( 9 )
}
Test igraph_vector_int_list_remove_fast
( 10 )
( 1 )
( 5 )
{
  0: ( 9 )
  1: ( 2 )
  2: ( 3 )
  3: ( 4 )
  4: ( 8 )
  5: ( 6 )
  6: ( 7 )
}
Test igraph_vector_int_list_discard
{
  0: ( 2 )
  1: ( 3 )
  2: ( 4 )
  3: ( 5 )
  4: ( 7 )
  5: ( 8 )
  6: ( 9 )
}
Test igraph_vector_int_list_discard_fast
{
  0: ( 9 )
  1: ( 2 )
  2: ( 3 )
  3: ( 4 )
  4: ( 8 )
  5: ( 6 )
  6: ( 7 )
}
Test igraph_vector_int_list_swap
{
  0: ( 0 )
  1: ( 0 )
  2: ( 1 )
  3: ( 2 )
  4: ( 2 )
  5: ( 4 )
  6: ( 3 )
  7: ( 6 )
  8: ( 4 )
  9: ( 8 )
}
{
  0: ( 0 )
  1: ( 20 )
  2: ( 40 )
  3: ( 60 )
  4: ( 80 )
}
Test errors
